  ... 25/1632 attempted (ok 25, invalid 0, error 0)
  ... 50/1632 attempted (ok 50, invalid 0, error 0)
  ... 75/1632 attempted (ok 75, invalid 0, error 0)
  ... 100/1632 attempted (ok 100, invalid 0, error 0)
  ... 125/1632 attempted (ok 125, invalid 0, error 0)
  ... 150/1632 attempted (ok 150, invalid 0, error 0)
  ... 175/1632 attempted (ok 175, invalid 0, error 0)
  ... 200/1632 attempted (ok 200, invalid 0, error 0)
  ... 225/1632 attempted (ok 225, invalid 0, error 0)
  ... 250/1632 attempted (ok 250, invalid 0, error 0)
  ... 275/1632 attempted (ok 275, invalid 0, error 0)
  ... 300/1632 attempted (ok 300, invalid 0, error 0)
  ... 325/1632 attempted (ok 325, invalid 0, error 0)
  ... 350/1632 attempted (ok 350, invalid 0, error 0)
  ... 375/1632 attempted (ok 375, invalid 0, error 0)
  ... 400/1632 attempted (ok 400, invalid 0, error 0)
  ... 425/1632 attempted (ok 425, invalid 0, error 0)
  ... 450/1632 attempted (ok 450, invalid 0, error 0)
  ... 475/1632 attempted (ok 475, invalid 0, error 0)
  ... 500/1632 attempted (ok 500, invalid 0, error 0)
  ... 525/1632 attempted (ok 525, invalid 0, error 0)
  ... 550/1632 attempted (ok 550, invalid 0, error 0)
  ... 575/1632 attempted (ok 575, invalid 0, error 0)
  ... 600/1632 attempted (ok 600, invalid 0, error 0)
  ... 625/1632 attempted (ok 625, invalid 0, error 0)
  ... 650/1632 attempted (ok 650, invalid 0, error 0)
  ... 675/1632 attempted (ok 675, invalid 0, error 0)
  ... 700/1632 attempted (ok 700, invalid 0, error 0)
  ... 725/1632 attempted (ok 725, invalid 0, error 0)
  ... 750/1632 attempted (ok 750, invalid 0, error 0)
  ... 775/1632 attempted (ok 775, invalid 0, error 0)
  ... 800/1632 attempted (ok 800, invalid 0, error 0)
  ... 825/1632 attempted (ok 825, invalid 0, error 0)
  ... 850/1632 attempted (ok 850, invalid 0, error 0)
  ... 875/1632 attempted (ok 875, invalid 0, error 0)
  ... 900/1632 attempted (ok 900, invalid 0, error 0)
  ... 925/1632 attempted (ok 925, invalid 0, error 0)
  ... 950/1632 attempted (ok 950, invalid 0, error 0)
  ... 975/1632 attempted (ok 975, invalid 0, error 0)
  ... 1000/1632 attempted (ok 1000, invalid 0, error 0)
  ... 1025/1632 attempted (ok 1025, invalid 0, error 0)
  ... 1050/1632 attempted (ok 1050, invalid 0, error 0)
  ... 1075/1632 attempted (ok 1075, invalid 0, error 0)
  ... 1100/1632 attempted (ok 1100, invalid 0, error 0)
  ... 1125/1632 attempted (ok 1125, invalid 0, error 0)
  ... 1150/1632 attempted (ok 1150, invalid 0, error 0)
  ... 1175/1632 attempted (ok 1175, invalid 0, error 0)
  ... 1200/1632 attempted (ok 1200, invalid 0, error 0)
  ... 1225/1632 attempted (ok 1225, invalid 0, error 0)
  ... 1250/1632 attempted (ok 1250, invalid 0, error 0)
  ... 1275/1632 attempted (ok 1275, invalid 0, error 0)
  ... 1300/1632 attempted (ok 1300, invalid 0, error 0)
  ... 1325/1632 attempted (ok 1325, invalid 0, error 0)
  ... 1350/1632 attempted (ok 1350, invalid 0, error 0)
  ... 1375/1632 attempted (ok 1375, invalid 0, error 0)
  ... 1400/1632 attempted (ok 1400, invalid 0, error 0)
  ... 1425/1632 attempted (ok 1425, invalid 0, error 0)
  ... 1450/1632 attempted (ok 1450, invalid 0, error 0)
  ... 1475/1632 attempted (ok 1475, invalid 0, error 0)
  ... 1500/1632 attempted (ok 1500, invalid 0, error 0)
  ... 1525/1632 attempted (ok 1525, invalid 0, error 0)
  ... 1550/1632 attempted (ok 1550, invalid 0, error 0)
  ... 1575/1632 attempted (ok 1575, invalid 0, error 0)
  ... 1600/1632 attempted (ok 1600, invalid 0, error 0)
  ... 1625/1632 attempted (ok 1625, invalid 0, error 0)
Atlas build [LIVE]
  job atlas-live-20260920T191103Z-bfd29e   config cfg-5a7766c6c2012139e7bab61f
  targeted 1640   skipped (already complete) 8   attempted 1632: ok 1632, invalid 0, error 0
  stopped: all targeted work done   remaining (not complete): 0
